16:06:53 **** Incremental Build of configuration Debug for project MCP2515_100324 ****
make -j8 all 
arm-none-eabi-gcc "../Core/Src/MCP2515.c" -mcpu=cortex-m4 -std=gnu11 -g3 -DDEBUG -DUSE_HAL_DRIVER -DSTM32F302x8 -c -I../Core/Inc -I../Drivers/STM32F3xx_HAL_Driver/Inc/Legacy -I../Drivers/STM32F3xx_HAL_Driver/Inc -I../Drivers/CMSIS/Device/ST/STM32F3xx/Include -I../Drivers/CMSIS/Include -O0 -ffunction-sections -fdata-sections -Wall -fstack-usage -fcyclomatic-complexity -MMD -MP -MF"Core/Src/MCP2515.d" -MT"Core/Src/MCP2515.o" --specs=nano.specs -mfpu=fpv4-sp-d16 -mfloat-abi=hard -mthumb -o "Core/Src/MCP2515.o"
In file included from ../Core/Src/MCP2515.c:1:
../Core/Inc/MCP2515.h:4: warning: ignoring '#pragma anon_unions ' [-Wunknown-pragmas]
    4 | #pragma anon_unions
      | 
arm-none-eabi-gcc -o "MCP2515_100324.elf" @"objects.list"   -mcpu=cortex-m4 -T"C:\Users\User\Documents\MingJun\STM32\MCP2515_100324\STM32F302R8TX_FLASH.ld" --specs=nosys.specs -Wl,-Map="MCP2515_100324.map" -Wl,--gc-sections -static --specs=nano.specs -mfpu=fpv4-sp-d16 -mfloat-abi=hard -mthumb -Wl,--start-group -lc -lm -Wl,--end-group
Finished building target: MCP2515_100324.elf
 
arm-none-eabi-size  MCP2515_100324.elf 
arm-none-eabi-objdump -h -S MCP2515_100324.elf  > "MCP2515_100324.list"
   text	   data	    bss	    dec	    hex	filename
  14212	     20	   1716	  15948	   3e4c	MCP2515_100324.elf
Finished building: default.size.stdout
 
Finished building: MCP2515_100324.list
 
16:06:57 **** Incremental Build of configuration Debug for project MCP2515_100324 ****
make -j8 all 
arm-none-eabi-size  MCP2515_100324.elf 
   text	   data	    bss	    dec	    hex	filename
  14212	     20	   1716	  15948	   3e4c	MCP2515_100324.elf
Finished building: default.size.stdout
 
16:13:11 **** Incremental Build of configuration Debug for project MCP2515_100324 ****
make -j8 all 
arm-none-eabi-size  MCP2515_100324.elf 
   text	   data	    bss	    dec	    hex	filename
  14212	     20	   1716	  15948	   3e4c	MCP2515_100324.elf
Finished building: default.size.stdout
 
09:26:05 **** Incremental Build of configuration Debug for project First_Nucleo_Blink ****
make -j8 all 
arm-none-eabi-size  First_Nucleo_Blink.elf 
   text	   data	    bss	    dec	    hex	filename
  10356	     20	   1708	  12084	   2f34	First_Nucleo_Blink.elf
Finished building: default.size.stdout
 
09:26:06 **** Incremental Build of configuration Debug for project MCP2515_100324 ****
make -j8 all 
arm-none-eabi-gcc "../Core/Src/main.c" -mcpu=cortex-m4 -std=gnu11 -g3 -DDEBUG -DUSE_HAL_DRIVER -DSTM32F302x8 -c -I../Core/Inc -I../Drivers/STM32F3xx_HAL_Driver/Inc/Legacy -I../Drivers/STM32F3xx_HAL_Driver/Inc -I../Drivers/CMSIS/Device/ST/STM32F3xx/Include -I../Drivers/CMSIS/Include -O0 -ffunction-sections -fdata-sections -Wall -fstack-usage -fcyclomatic-complexity -MMD -MP -MF"Core/Src/main.d" -MT"Core/Src/main.o" --specs=nano.specs -mfpu=fpv4-sp-d16 -mfloat-abi=hard -mthumb -o "Core/Src/main.o"
arm-none-eabi-gcc -o "MCP2515_100324.elf" @"objects.list"   -mcpu=cortex-m4 -T"C:\Users\User\Documents\MingJun\STM32\MCP2515_100324\STM32F302R8TX_FLASH.ld" --specs=nosys.specs -Wl,-Map="MCP2515_100324.map" -Wl,--gc-sections -static --specs=nano.specs -mfpu=fpv4-sp-d16 -mfloat-abi=hard -mthumb -Wl,--start-group -lc -lm -Wl,--end-group
Finished building target: MCP2515_100324.elf
 
arm-none-eabi-size  MCP2515_100324.elf 
arm-none-eabi-objdump -h -S MCP2515_100324.elf  > "MCP2515_100324.list"
   text	   data	    bss	    dec	    hex	filename
  14212	     20	   1716	  15948	   3e4c	MCP2515_100324.elf
Finished building: default.size.stdout
 
Finished building: MCP2515_100324.list
 
09:26:07 **** Incremental Build of configuration Debug for project STM32_MCP2515 ****
make -j8 all 
arm-none-eabi-size  STM32_MCP2515.elf 
   text	   data	    bss	    dec	    hex	filename
  14312	     20	   1716	  16048	   3eb0	STM32_MCP2515.elf
Finished building: default.size.stdout
 
09:26:08 **** Incremental Build of configuration Debug for project TJA1051 ****
make -j8 all 
arm-none-eabi-size  TJA1051.elf 
   text	   data	    bss	    dec	    hex	filename
  11604	     20	   1684	  13308	   33fc	TJA1051.elf
Finished building: default.size.stdout
 
09:26:13 **** Incremental Build of configuration Debug for project MCP2515_100324 ****
make -j8 all 
arm-none-eabi-size  MCP2515_100324.elf 
   text	   data	    bss	    dec	    hex	filename
  14212	     20	   1716	  15948	   3e4c	MCP2515_100324.elf
Finished building: default.size.stdout
 
19:59:11 **** Incremental Build of configuration Debug for project MCP2515_100324 ****
make -j8 all 
arm-none-eabi-size  MCP2515_100324.elf 
   text	   data	    bss	    dec	    hex	filename
  14212	     20	   1716	  15948	   3e4c	MCP2515_100324.elf
Finished building: default.size.stdout
 
21:34:47 **** Incremental Build of configuration Debug for project MCP2515_100324 ****
make -j8 all 
arm-none-eabi-gcc "../Core/Src/MCP2515.c" -mcpu=cortex-m4 -std=gnu11 -g3 -DDEBUG -DUSE_HAL_DRIVER -DSTM32F302x8 -c -I../Core/Inc -I../Drivers/STM32F3xx_HAL_Driver/Inc/Legacy -I../Drivers/STM32F3xx_HAL_Driver/Inc -I../Drivers/CMSIS/Device/ST/STM32F3xx/Include -I../Drivers/CMSIS/Include -O0 -ffunction-sections -fdata-sections -Wall -fstack-usage -fcyclomatic-complexity -MMD -MP -MF"Core/Src/MCP2515.d" -MT"Core/Src/MCP2515.o" --specs=nano.specs -mfpu=fpv4-sp-d16 -mfloat-abi=hard -mthumb -o "Core/Src/MCP2515.o"
arm-none-eabi-gcc "../Core/Src/main.c" -mcpu=cortex-m4 -std=gnu11 -g3 -DDEBUG -DUSE_HAL_DRIVER -DSTM32F302x8 -c -I../Core/Inc -I../Drivers/STM32F3xx_HAL_Driver/Inc/Legacy -I../Drivers/STM32F3xx_HAL_Driver/Inc -I../Drivers/CMSIS/Device/ST/STM32F3xx/Include -I../Drivers/CMSIS/Include -O0 -ffunction-sections -fdata-sections -Wall -fstack-usage -fcyclomatic-complexity -MMD -MP -MF"Core/Src/main.d" -MT"Core/Src/main.o" --specs=nano.specs -mfpu=fpv4-sp-d16 -mfloat-abi=hard -mthumb -o "Core/Src/main.o"
arm-none-eabi-gcc "../Core/Src/stm32f3xx_hal_msp.c" -mcpu=cortex-m4 -std=gnu11 -g3 -DDEBUG -DUSE_HAL_DRIVER -DSTM32F302x8 -c -I../Core/Inc -I../Drivers/STM32F3xx_HAL_Driver/Inc/Legacy -I../Drivers/STM32F3xx_HAL_Driver/Inc -I../Drivers/CMSIS/Device/ST/STM32F3xx/Include -I../Drivers/CMSIS/Include -O0 -ffunction-sections -fdata-sections -Wall -fstack-usage -fcyclomatic-complexity -MMD -MP -MF"Core/Src/stm32f3xx_hal_msp.d" -MT"Core/Src/stm32f3xx_hal_msp.o" --specs=nano.specs -mfpu=fpv4-sp-d16 -mfloat-abi=hard -mthumb -o "Core/Src/stm32f3xx_hal_msp.o"
In file included from ../Core/Src/MCP2515.c:1:
../Core/Inc/MCP2515.h:4: warning: ignoring '#pragma anon_unions ' [-Wunknown-pragmas]
    4 | #pragma anon_unions
      | 
arm-none-eabi-gcc -o "MCP2515_100324.elf" @"objects.list"   -mcpu=cortex-m4 -T"C:\Users\User\Documents\MingJun\STM32\MCP2515_100324\STM32F302R8TX_FLASH.ld" --specs=nosys.specs -Wl,-Map="MCP2515_100324.map" -Wl,--gc-sections -static --specs=nano.specs -mfpu=fpv4-sp-d16 -mfloat-abi=hard -mthumb -Wl,--start-group -lc -lm -Wl,--end-group
Finished building target: MCP2515_100324.elf
 
arm-none-eabi-size  MCP2515_100324.elf 
arm-none-eabi-objdump -h -S MCP2515_100324.elf  > "MCP2515_100324.list"
   text	   data	    bss	    dec	    hex	filename
  14212	     20	   1716	  15948	   3e4c	MCP2515_100324.elf
Finished building: default.size.stdout
 
Finished building: MCP2515_100324.list
 
21:36:46 **** Incremental Build of configuration Debug for project MCP2515_100324 ****
make -j8 all 
arm-none-eabi-gcc "../Core/Src/main.c" -mcpu=cortex-m4 -std=gnu11 -g3 -DDEBUG -DUSE_HAL_DRIVER -DSTM32F302x8 -c -I../Core/Inc -I../Drivers/STM32F3xx_HAL_Driver/Inc/Legacy -I../Drivers/STM32F3xx_HAL_Driver/Inc -I../Drivers/CMSIS/Device/ST/STM32F3xx/Include -I../Drivers/CMSIS/Include -O0 -ffunction-sections -fdata-sections -Wall -fstack-usage -fcyclomatic-complexity -MMD -MP -MF"Core/Src/main.d" -MT"Core/Src/main.o" --specs=nano.specs -mfpu=fpv4-sp-d16 -mfloat-abi=hard -mthumb -o "Core/Src/main.o"
arm-none-eabi-gcc -o "MCP2515_100324.elf" @"objects.list"   -mcpu=cortex-m4 -T"C:\Users\User\Documents\MingJun\STM32\MCP2515_100324\STM32F302R8TX_FLASH.ld" --specs=nosys.specs -Wl,-Map="MCP2515_100324.map" -Wl,--gc-sections -static --specs=nano.specs -mfpu=fpv4-sp-d16 -mfloat-abi=hard -mthumb -Wl,--start-group -lc -lm -Wl,--end-group
Finished building target: MCP2515_100324.elf
 
arm-none-eabi-size  MCP2515_100324.elf 
arm-none-eabi-objdump -h -S MCP2515_100324.elf  > "MCP2515_100324.list"
   text	   data	    bss	    dec	    hex	filename
  14212	     20	   1716	  15948	   3e4c	MCP2515_100324.elf
Finished building: default.size.stdout
 
Finished building: MCP2515_100324.list
 
21:39:47 **** Incremental Build of configuration Debug for project MCP2515_100324 ****
make -j8 all 
arm-none-eabi-size  MCP2515_100324.elf 
   text	   data	    bss	    dec	    hex	filename
  14212	     20	   1716	  15948	   3e4c	MCP2515_100324.elf
Finished building: default.size.stdout
 
21:40:32 **** Incremental Build of configuration Debug for project MCP2515_100324 ****
make -j8 all 
arm-none-eabi-size  MCP2515_100324.elf 
   text	   data	    bss	    dec	    hex	filename
  14212	     20	   1716	  15948	   3e4c	MCP2515_100324.elf
Finished building: default.size.stdout
 
21:41:19 **** Incremental Build of configuration Debug for project MCP2515_100324 ****
make -j8 all 
arm-none-eabi-size  MCP2515_100324.elf 
   text	   data	    bss	    dec	    hex	filename
  14212	     20	   1716	  15948	   3e4c	MCP2515_100324.elf
Finished building: default.size.stdout
 
21:52:08 **** Incremental Build of configuration Debug for project MCP2515_100324 ****
make -j8 all 
arm-none-eabi-size  MCP2515_100324.elf 
   text	   data	    bss	    dec	    hex	filename
  14212	     20	   1716	  15948	   3e4c	MCP2515_100324.elf
Finished building: default.size.stdout
 
21:53:00 **** Incremental Build of configuration Debug for project MCP2515_100324 ****
make -j8 all 
arm-none-eabi-size  MCP2515_100324.elf 
   text	   data	    bss	    dec	    hex	filename
  14212	     20	   1716	  15948	   3e4c	MCP2515_100324.elf
Finished building: default.size.stdout
 
21:54:03 **** Incremental Build of configuration Debug for project MCP2515_100324 ****
make -j8 all 
arm-none-eabi-size  MCP2515_100324.elf 
   text	   data	    bss	    dec	    hex	filename
  14212	     20	   1716	  15948	   3e4c	MCP2515_100324.elf
Finished building: default.size.stdout
 
21:55:52 **** Incremental Build of configuration Debug for project MCP2515_100324 ****
make -j8 all 
arm-none-eabi-size  MCP2515_100324.elf 
   text	   data	    bss	    dec	    hex	filename
  14212	     20	   1716	  15948	   3e4c	MCP2515_100324.elf
Finished building: default.size.stdout
 
21:59:43 **** Incremental Build of configuration Debug for project MCP2515_100324 ****
make -j8 all 
arm-none-eabi-size  MCP2515_100324.elf 
   text	   data	    bss	    dec	    hex	filename
  14212	     20	   1716	  15948	   3e4c	MCP2515_100324.elf
Finished building: default.size.stdout
 
22:01:42 **** Incremental Build of configuration Debug for project MCP2515_100324 ****
make -j8 all 
arm-none-eabi-size  MCP2515_100324.elf 
   text	   data	    bss	    dec	    hex	filename
  14212	     20	   1716	  15948	   3e4c	MCP2515_100324.elf
Finished building: default.size.stdout
 
22:02:09 **** Incremental Build of configuration Debug for project MCP2515_100324 ****
make -j8 all 
arm-none-eabi-size  MCP2515_100324.elf 
   text	   data	    bss	    dec	    hex	filename
  14212	     20	   1716	  15948	   3e4c	MCP2515_100324.elf
Finished building: default.size.stdout
 
22:02:38 **** Incremental Build of configuration Debug for project MCP2515_100324 ****
make -j8 all 
arm-none-eabi-size  MCP2515_100324.elf 
   text	   data	    bss	    dec	    hex	filename
  14212	     20	   1716	  15948	   3e4c	MCP2515_100324.elf
Finished building: default.size.stdout
 
22:03:55 **** Incremental Build of configuration Debug for project MCP2515_100324 ****
make -j8 all 
arm-none-eabi-size  MCP2515_100324.elf 
   text	   data	    bss	    dec	    hex	filename
  14212	     20	   1716	  15948	   3e4c	MCP2515_100324.elf
Finished building: default.size.stdout
 
22:07:11 **** Incremental Build of configuration Debug for project MCP2515_100324 ****
make -j8 all 
arm-none-eabi-size  MCP2515_100324.elf 
   text	   data	    bss	    dec	    hex	filename
  14212	     20	   1716	  15948	   3e4c	MCP2515_100324.elf
Finished building: default.size.stdout
 
22:07:32 **** Incremental Build of configuration Debug for project MCP2515_100324 ****
make -j8 all 
arm-none-eabi-size  MCP2515_100324.elf 
   text	   data	    bss	    dec	    hex	filename
  14212	     20	   1716	  15948	   3e4c	MCP2515_100324.elf
Finished building: default.size.stdout
 
22:13:54 **** Incremental Build of configuration Debug for project MCP2515_100324 ****
make -j8 all 
arm-none-eabi-size  MCP2515_100324.elf 
   text	   data	    bss	    dec	    hex	filename
  14212	     20	   1716	  15948	   3e4c	MCP2515_100324.elf
Finished building: default.size.stdout
 
22:14:35 **** Incremental Build of configuration Debug for project MCP2515_100324 ****
make -j8 all 
arm-none-eabi-size  MCP2515_100324.elf 
   text	   data	    bss	    dec	    hex	filename
  14212	     20	   1716	  15948	   3e4c	MCP2515_100324.elf
Finished building: default.size.stdout
 
22:14:49 **** Incremental Build of configuration Debug for project MCP2515_100324 ****
make -j8 all 
arm-none-eabi-size  MCP2515_100324.elf 
   text	   data	    bss	    dec	    hex	filename
  14212	     20	   1716	  15948	   3e4c	MCP2515_100324.elf
Finished building: default.size.stdout
 
22:21:16 **** Incremental Build of configuration Debug for project MCP2515_100324 ****
make -j8 all 
arm-none-eabi-size  MCP2515_100324.elf 
   text	   data	    bss	    dec	    hex	filename
  14212	     20	   1716	  15948	   3e4c	MCP2515_100324.elf
Finished building: default.size.stdout
 
09:38:47 **** Incremental Build of configuration Debug for project MCP2515_100324 ****
make -j8 all 
arm-none-eabi-size  MCP2515_100324.elf 
   text	   data	    bss	    dec	    hex	filename
  14212	     20	   1716	  15948	   3e4c	MCP2515_100324.elf
Finished building: default.size.stdout
 
09:39:26 **** Incremental Build of configuration Debug for project MCP2515_100324 ****
make -j8 all 
arm-none-eabi-size  MCP2515_100324.elf 
   text	   data	    bss	    dec	    hex	filename
  14212	     20	   1716	  15948	   3e4c	MCP2515_100324.elf
Finished building: default.size.stdout
 
09:40:09 **** Incremental Build of configuration Debug for project MCP2515_100324 ****
make -j8 all 
arm-none-eabi-size  MCP2515_100324.elf 
   text	   data	    bss	    dec	    hex	filename
  14212	     20	   1716	  15948	   3e4c	MCP2515_100324.elf
Finished building: default.size.stdout
 
09:41:59 **** Incremental Build of configuration Debug for project MCP2515_100324 ****
make -j8 all 
arm-none-eabi-size  MCP2515_100324.elf 
   text	   data	    bss	    dec	    hex	filename
  14212	     20	   1716	  15948	   3e4c	MCP2515_100324.elf
Finished building: default.size.stdout
 
09:42:50 **** Incremental Build of configuration Debug for project MCP2515_100324 ****
make -j8 all 
arm-none-eabi-size  MCP2515_100324.elf 
   text	   data	    bss	    dec	    hex	filename
  14212	     20	   1716	  15948	   3e4c	MCP2515_100324.elf
Finished building: default.size.stdout
 
09:43:02 **** Incremental Build of configuration Debug for project MCP2515_100324 ****
make -j8 all 
arm-none-eabi-size  MCP2515_100324.elf 
   text	   data	    bss	    dec	    hex	filename
  14212	     20	   1716	  15948	   3e4c	MCP2515_100324.elf
Finished building: default.size.stdout
 
09:43:14 **** Incremental Build of configuration Debug for project MCP2515_100324 ****
make -j8 all 
arm-none-eabi-size  MCP2515_100324.elf 
   text	   data	    bss	    dec	    hex	filename
  14212	     20	   1716	  15948	   3e4c	MCP2515_100324.elf
Finished building: default.size.stdout
 
09:47:05 **** Incremental Build of configuration Debug for project MCP2515_100324 ****
make -j8 all 
arm-none-eabi-size  MCP2515_100324.elf 
   text	   data	    bss	    dec	    hex	filename
  14212	     20	   1716	  15948	   3e4c	MCP2515_100324.elf
Finished building: default.size.stdout
 
09:47:35 **** Incremental Build of configuration Debug for project MCP2515_100324 ****
make -j8 all 
arm-none-eabi-size  MCP2515_100324.elf 
   text	   data	    bss	    dec	    hex	filename
  14212	     20	   1716	  15948	   3e4c	MCP2515_100324.elf
Finished building: default.size.stdout
 
09:48:22 **** Incremental Build of configuration Debug for project MCP2515_100324 ****
make -j8 all 
arm-none-eabi-size  MCP2515_100324.elf 
   text	   data	    bss	    dec	    hex	filename
  14212	     20	   1716	  15948	   3e4c	MCP2515_100324.elf
Finished building: default.size.stdout
 
09:49:08 **** Incremental Build of configuration Debug for project MCP2515_100324 ****
make -j8 all 
arm-none-eabi-size  MCP2515_100324.elf 
   text	   data	    bss	    dec	    hex	filename
  14212	     20	   1716	  15948	   3e4c	MCP2515_100324.elf
Finished building: default.size.stdout
 
09:49:31 **** Incremental Build of configuration Debug for project MCP2515_100324 ****
make -j8 all 
arm-none-eabi-size  MCP2515_100324.elf 
   text	   data	    bss	    dec	    hex	filename
  14212	     20	   1716	  15948	   3e4c	MCP2515_100324.elf
Finished building: default.size.stdout
 
09:50:11 **** Incremental Build of configuration Debug for project MCP2515_100324 ****
make -j8 all 
arm-none-eabi-size  MCP2515_100324.elf 
   text	   data	    bss	    dec	    hex	filename
  14212	     20	   1716	  15948	   3e4c	MCP2515_100324.elf
Finished building: default.size.stdout
 
09:50:45 **** Incremental Build of configuration Debug for project MCP2515_100324 ****
make -j8 all 
arm-none-eabi-size  MCP2515_100324.elf 
   text	   data	    bss	    dec	    hex	filename
  14212	     20	   1716	  15948	   3e4c	MCP2515_100324.elf
Finished building: default.size.stdout
 
10:44:17 **** Incremental Build of configuration Debug for project MCP2515_100324 ****
make -j8 all 
arm-none-eabi-size  MCP2515_100324.elf 
   text	   data	    bss	    dec	    hex	filename
  14212	     20	   1716	  15948	   3e4c	MCP2515_100324.elf
Finished building: default.size.stdout
 
