../Core/Src/CANSPI.c:16:6:CANSPI_Sleep	8	static
../Core/Src/CANSPI.c:27:5:CANSPI_Initialize	40	static
../Core/Src/CANSPI.c:130:9:CANSPI_Transmit	24	static
../Core/Src/CANSPI.c:178:9:CANSPI_Receive	40	static
../Core/Src/CANSPI.c:229:9:CANSPI_messagesInBuffer	16	static
../Core/Src/CANSPI.c:249:9:CANSPI_isBussOff	16	static
../Core/Src/CANSPI.c:264:9:CANSPI_isRxErrorPassive	16	static
../Core/Src/CANSPI.c:279:9:CANSPI_isTxErrorPassive	16	static
../Core/Src/CANSPI.c:294:17:convertReg2ExtendedCANid	32	static
../Core/Src/CANSPI.c:316:17:convertReg2StandardCANid	24	static
../Core/Src/CANSPI.c:329:13:convertCANid2Reg	32	static
